Город
 dorogi_i_proezdy
 zdaniya
 reka
 kontury_istochnikov_tepla
 uchastki_kvartalnyh_setey
 kvartaly_raboty_masterov
 ulitsy
 zdanie
 zhilye_kompleksy
 zheleznaya_doroga
 most
 zhilye_massivy
 sektora_zhilyh_massivov
 trotuary
 osevye_linii_dorog_i_ulits
 osevye_linii_dorog_i_ulits2
Объекты тепловой сети
 granitsa_magistrali
 zapornaya_armatura
 spusknaya_armatura__drenazh_
 spusknaya_armatura__vozdushnik_
 zapornaya_armatura_gid
 spusknaya_armatura__drenazh__gid
 spusknaya_armatura__vozdushnik__gid
 istochnik_tepla_kontur
 kanaly
 kamera_opuska_ili_podema
 uchastok_teplovoy_seti
 teplovye_kamery__pavilony
 nasosnye_stantsii
 istochniki_teplosnabzheniya
 organizatsii_abonenty
 tstrp
 elevatornye_uzly
 kamera_opuska_ili_podema
 kolodtsy
 ugly_povorota_teplotrassy
 perehody_diametra
 vertikalnyy_podem__opusk_truboprovoda
 vvody_v_zdanie
 uzel_kanala
 peremychki
 kamera_opuska_ili_podema_kam_op_tep
 drenazhnyy_truboprovod
 truboprovody
 perehlesty_setey
 kompensatory_na_trubah
 granitsy_vertikalnyh_kompensatorov
 nepodvizhnye_opory
 spusknaya_armatura
 pribor_kontrolya
 pribor_ucheta
 baypasy_na_trubah_teplosnabzheniya
 uzly_teplotrassy
Проектируемые объекты
 proektiruemyy_kanal
 proektiruemyy_istochnik_tepla
 proektiruemyy_truboprovod
 zdanie_proektiruemoe
 tehnicheskoe_uslovie
 nomer_proekta
 proektiruemyy_truboprovod
Надписи
 naimenovanie_kamery
 nagruzki
 nazvanie_ulitsy
 nazvanie_ulitsy_2
 naimenovanie_magistrali
 nazvanie_ulitsy
 naimenovanie_zhilogo_kompleksa
 naimenovanie_uchastka_teploprovoda
 naimenovanie_uchastka_teploprovoda
 adres_pribora_kontrolya
 diametr
 nazvanie_ulitsy_tets_2
 nazvanie_magistrali_tets_2
 nazvanie_ulitsy_tets_1
 nazvanie_magistrali_tets_1
 podpis_pribor_1
 podpis_pribor_2
 podpis_kompensatora
 nomer_kvartala_raboty_masterov
 nazvanie_uzla
 diametr_2
 nadpis_next_tm1_and_tm1a
 nadpis_text_tm
 nadpis_text_tm1
 nadpis_text_tm14
 nadpis_text_tm16
 nadpis_text_tm9
 nadpis_tp_pod
 nadpis_ut
 nadpis_ut_mag
 nomer_kvartala
=====================2
