Объекты ПТС
- tankBatteries
- vvod_v_zdanie
 zapornaya_armatura_old
 vozdushnik_old
 drenazhnyy_kran_old
-
- zapornaya_armatura
- vozdushnik
- drenazhnyy_kran
-
 vvody_v_zdanie
 vertikalnyy_podem_opusk_truprovoda
 granitsy_vertikalnyh_kompensatorov
 drenazhnyy_truboprovod
 duker
 istochniki_teplosnabzheniya
 kamera_opuska_ili_podema
 kanal
 kolodtsy
 kompensator
 bridge_crossing
 nasosnye_stantsii
 opora
 pavilion
 peremychki
 perehlesty_setey
 perehod_diametra
 tkamera
 ugol_povorota_truboprovoda
 uzel_kanala
 tstrp
 heatPoint
Новые таблицы
 vozdushnik
 drenazhnyy_kran
 zapornaya_armatura
-Старые таблицы
- vozdushnik_old
- drenazhnyy_kran_old
- zapornaya_armatura_old
Акты раздела границ
 Act
Ремонты
 defect
 diag
 shurfy
 remont
 opressovka_sektsioniruyuschaya_zadvizhka
 podpis
-Ремонты старые
- defekt2
- shurf2
- capital2
- opressovka_sektsioniruyuschaya_zadvizhka
- opressovka_uchastki_remonta
- kapremont_uchastki_remonta
- visualmetriccontrol
- pasport_obekta_teplosnabzheniya
- kontrol_tehnicheskogo_sostoyaniya
Индикаторы коррозии
 indikator_korrozii
Электрическая сеть
 liniya_elektroperedach
 gilza_es
 istochnik_elektrosnabzheniya
 priemnik_elektrosnabzheniya
 kabelnyy_kanal_es
 opora_es
 mufta
Расчетные нагрузки
 zdaniya_potrebiteley
Технические условия
 zdaniya_tu
 truby_rekonstruiruemye
 perspektivnye_truby
- pasport_obekta_teplosnabzheniya
- kontrol_tehnicheskogo_sostoyaniya
=====================1
- vozdushnik_old
 defekt3
 defekt
 shurf
 opora_skolzyaschaya
 channels
 corrosionIndicators
 visualMetricControl
 osvid
 drenazhnyy_truboprovod2
- drenazhnyy_kran_old
- zapornaya_armatura_old
 shield
 capital2
 defekt2
 shurf2
 drenazhnyy_truboprovod
 kapremont_uchastki_remonta
 kontrol_tehnicheskogo_sostoyaniya
 vvody_v_zdanie_test
 opressovka_uchastki_remonta
 drenazhnyy_kran2
 vozdushnik2
 zapornaya_armatura2
 opressovka_defekt
 vvod_v_zdanie
 passports
 __linesobj
 __nodes
 tankBatteries
