Семей
 0_ellipse
 0_polyline
 adorogi_ellipse
 adorogi_polyline
 adorogi_region
 adorogi_text
 bobrovka_polyline
 bobrovka_region
 ch_sektor_polyline
 ch_sektor_region
 chastnsekt_point
 chastnsekt_polyline
 chastnsekt_text
 chastnyy_sektor_arc
 chastnyy_sektor_polyline
 chastnyy_sektor_text
 do_remonta_region
 doma_arc
 doma_polyline
 doma_text
 domakom_polyline
 domakom_region
 domam_k_polyline
 domam_k_region
 domam_k_text
 domanov_ellipse
 domanov_polyline
 domanov_region
 domayun_polyline
 domayun_region
 domayun_text
 dopolnitelno_arc
 dopolnitelno_ellipse
 dopolnitelno_point
 dopolnitelno_polyline
 dopolnitelno_region
 dorogi_arc
 dorogi_ellipse
 dorogi_polyline
 dorogi_region
 dorogi_text
 harakteristika_polyline
 harakteristika_region
 harakteristika_text
 kom_skiy_polyline
 kom_skiy_text
 komchastnsekt_point
 komchastnsekt_polyline
 komchastnsekt_region
 komchastnsekt_text
 kommunikatsiy_arc
 kommunikatsiy_ellipse
 kommunikatsiy_polyline
 kommunikatsiy_region
 kommunikatsiy_text
 kotelnaya_polyline
 kr_kardoma_region
 kr_kardon_polyline
 kr_kardon_text
 kvdachi_point
 kvdachi_polyline
 kvdachi_region
 kvdachi_text
 m_kombinat_arc
 m_kombinat_ellipse
 m_kombinat_point
 m_kombinat_polyline
 m_kombinat_region
 m_kombinat_text
 mirnyy_ellipse
 mirnyy_point
 mirnyy_polyline
 mirnyy_region
 mirnyy_text
 mirnyydoma_ellipse
 mirnyydoma_polyline
 mirnyydoma_region
 moldagalieva_text
 n_dach_polyline
 n_dach_region
 n_dach_text
 n_domov_text
 nagruzki_arc
 nagruzki_ellipse
 nagruzki_polyline
 nagruzki_text
 nahalovka_arc
 nahalovka_ellipse
 nahalovka_point
 nahalovka_polyline
 nahalovka_region
 nahalovka_text
 novostroyka_arc
 novostroyka_ellipse
 novostroyka_point
 novostroyka_polyline
 novostroyka_region
 novostroyka_text
 par_ry_rek_tsiy_2007_g_arc
 par_ry_rek_tsiy_2007_g_ellipse
 par_ry_rek_tsiy_2007_g_polyline
 par_ry_rek_tsiy_2007_g_text
 par_ry_rek_tsiy_2007g_arc
 par_ry_rek_tsiy_2007g_polyline
 par_ry_rek_tsiy_2007g_region
 par_ry_rek_tsiy_2007g_text
 par_ry_rek_tsiy_2008_arc
 par_ry_rek_tsiy_2008_g_ellipse
 par_ry_rek_tsiy_2008_g_point
 par_ry_rek_tsiy_2008_g_polyline
 par_ry_rek_tsiy_2008_g_text
 par_ry_rek_tsiy_2008_polyline
 par_ry_rek_tsiy_2008_text
 par_ry_rek_tsiy_2008g_arc
 par_ry_rek_tsiy_2008g_polyline
 par_ry_rek_tsiy_2008g_text
 par_ry_rek_tsiy_2009_g_arc
 par_ry_rek_tsiy_2009_g_polyline
 par_ry_rek_tsiy_2009_g_text
 par_ry_rek_tsiy_2009g_arc
 par_ry_rek_tsiy_2009g_ellipse
 par_ry_rek_tsiy_2009g_polyline
 par_ry_rek_tsiy_2009g_region
 par_ry_rek_tsiy_2009g_text
 parametry_arc
 parametry_ellipse
 parametry_point
 parametry_polyline
 parametry_posle_rekonstruktsii_arc
 parametry_posle_rekonstruktsii_polyline
 parametry_posle_rekonstruktsii_text
 parametry_posle_remonta_polyline
 parametry_posle_remonta_text
 parametry_region
 parametry_text
 reka_point
 reka_polyline
 reka_region
 reka_text
 rekonstruktsiya_2006_ellipse
 rekonstruktsiya_2006_point
 rekonstruktsiya_2006_polyline
 rekonstruktsiya_2006_region
 rekonstruktsiya_2006_text
 rekonstruktsiya_2007_arc
 rekonstruktsiya_2007_ellipse
 rekonstruktsiya_2007_point
 rekonstruktsiya_2007_polyline
 rekonstruktsiya_2007_region
 rekonstruktsiya_2007_text
 rekonstruktsiya_2008_arc
 rekonstruktsiya_2008_ellipse
 rekonstruktsiya_2008_point
 rekonstruktsiya_2008_polyline
 rekonstruktsiya_2008_region
 rekonstruktsiya_2008_text
 rekonstruktsiya_2009_ellipse
 rekonstruktsiya_2009_point
 rekonstruktsiya_2009_polyline
 rekonstruktsiya_2009_region
 rekonstruktsiya_2009_text
 remont_2006_ellipse
 remont_2006_polyline
 remont_2006_region
 remont_2006_text
 remont_2007_polyline
 remont_2007_text
 remont_2008_polyline
 remont_2008_text
 sechenie_text
 setka_polyline
 setka_text
 sevdoma_polyline
 sevdoma_region
 sevdoma_text
 severnyy_arc
 severnyy_ellipse
 severnyy_point
 severnyy_polyline
 severnyy_region
 severnyy_text
 tepr5_1_arc
 tepr5_1_ellipse
 tepr5_1_point
 tepr5_1_polyline
 tepr5_1_region
 tepr5_1_text
 tepr5doma_ellipse
 tepr5doma_region
 ts_72_kv_ellipse
 ts_72_kv_polyline
 ts_72_kv_region
 ts_72_kv_text
 ts_gabasova_arc
 ts_gabasova_point
 ts_gabasova_polyline
 ts_gabasova_region
 ts_k_14mkr_arc
 ts_k_14mkr_ellipse
 ts_k_14mkr_polyline
 ts_k_14mkr_region
 ts_k_14mkr_text
 ts_k_shk_2_polyline
 ts_k_shk_2_region
 ts_k_td_polyline
 ts_k_td_region
 ts_kot_103_arc
 ts_kot_103_ellipse
 ts_kot_103_point
 ts_kot_103_polyline
 ts_kot_103_region
 ts_kot_103_text
 ts_kot_35kv_arc
 ts_kot_35kv_ellipse
 ts_kot_35kv_point
 ts_kot_35kv_polyline
 ts_kot_35kv_region
 ts_kot_60kv_ellipse
 ts_kot_60kv_point
 ts_kot_60kv_polyline
 ts_kot_60kv_region
 ts_kot_60kv_text
 ts_kot_ats_polyline
 ts_kot_ats_region
 ts_kot_aviator_point
 ts_kot_aviator_polyline
 ts_kot_aviator_region
 ts_kot_dorozhnik_polyline
 ts_kot_dorozhnik_region
 ts_kot_dorozhnik_text
 ts_kot_int_n3_polyline
 ts_kot_int_n3_region
 ts_kot_krup_113_polyline
 ts_kot_krup_113_region
 ts_kot_men_arc
 ts_kot_men_point
 ts_kot_men_polyline
 ts_kot_men_region
 ts_kot_ped_in_point
 ts_kot_ped_in_polyline
 ts_kot_ped_in_region
 ts_kot_rk_1_arc
 ts_kot_rk_1_ellipse
 ts_kot_rk_1_point
 ts_kot_rk_1_polyline
 ts_kot_rk_1_region
 ts_kot_rk_1_text
 ts_kot_shk_3_point
 ts_kot_shk_3_polyline
 ts_kot_shk_3_region
 ts_kot_shk_3_text
 ts_kot_tsentr_arc
 ts_kot_tsentr_ellipse
 ts_kot_tsentr_point
 ts_kot_tsentr_polyline
 ts_kot_tsentr_region
 ts_kot_tsentr_text
 ts_kot_upp_kos_polyline
 ts_kot_upp_kos_region
 ts_kot_upp_kos_text
 ts_kot_virp_arc
 ts_kot_virp_polyline
 ts_kot_virp_region
 ts_kot_virp_text
 ts_kot_zoov_in_arc
 ts_kot_zoov_in_point
 ts_kot_zoov_in_polyline
 ts_kot_zoov_in_region
 ts_kot_zoov_in_text
 ts_kottsum_arc
 ts_kottsum_ellipse
 ts_kottsum_point
 ts_kottsum_polyline
 ts_kottsum_region
 ts_kottsum_text
 ts_kotzhd_ellipse
 ts_kotzhd_polyline
 ts_kotzhd_region
 ts_kotzhd_text
 ts_param_arc
 ts_param_ellipse
 ts_param_point
 ts_param_polyline
 ts_param_region
 ts_param_text
 ts_ray_pos_ener_polyline
 ts_ray_pos_ener_region
 ts_tets_1_arc
 ts_tets_1_ellipse
 ts_tets_1_point
 ts_tets_1_polyline
 ts_tets_1_region
 ts_tets_1_text
 ts_tets_2_arc
 ts_tets_2_ellipse
 ts_tets_2_point
 ts_tets_2_polyline
 ts_tets_2_region
 ts_tets_2_text
 ts_tsempos_point
 ts_tsempos_polyline
 ts_tstp_501kv_arc
 ts_tstp_501kv_ellipse
 ts_tstp_501kv_point
 ts_tstp_501kv_polyline
 ts_tstp_501kv_region
 ts_tstp_501kv_text
 ts_tstp_502kv_polyline
 ts_tstp_502kv_region
 ts_tstp_506kv_arc
 ts_tstp_506kv_polyline
 ts_tstp_506kv_region
 ts_tstp_507kv_arc
 ts_tstp_507kv_polyline
 ts_tstp_507kv_region
 ts_tstp_514kv_arc
 ts_tstp_514kv_polyline
 ts_tstp_514kv_region
 ts_tstp_517kv_arc
 ts_tstp_517kv_polyline
 ts_tstp_517kv_region
 ts_tstp_517kv_text
 ts_tstp_518kv_arc
 ts_tstp_518kv_polyline
 ts_tstp_518kv_region
 ts_tstp_905kv_ellipse
 ts_tstp_905kv_polyline
 ts_tstp_905kv_region
 ts_tstp_k_fl_arc
 ts_tstp_k_fl_polyline
 ts_tstp_k_fl_region
 ts_tstp_nar_ya_arc
 ts_tstp_nar_ya_polyline
 ts_tstp_nar_ya_region
 ts_tstp_tehn_arc
 ts_tstp_tehn_polyline
 ts_tstp_tehn_region
 ts_tstp_tehn_text
 ts_vost_ellipse
 ts_vost_point
 ts_vost_polyline
 ts_vost_region
 ts_vost_text
 ts_yunost_arc
 ts_yunost_ellipse
 ts_yunost_point
 ts_yunost_polyline
 ts_yunost_region
 ts_yunost_text
 tsemposdom_polyline
 tsemposdom_region
 tsemposdom_text
 tsemposelok_arc
 tsemposelok_ellipse
 tsemposelok_point
 tsemposelok_polyline
 tsemposelok_region
 tsemposelok_text
 tsentr_arc
 tsentr_ellipse
 tsentr_point
 tsentr_polyline
 tsentr_region
 tsentr_text
 tsentrdoma_polyline
 tsentrdoma_region
 uchastok_ellipse
 uchastok_polyline
 ulitsy_text
 vostdoma_polyline
 vostdoma_region
 vostochnyy_ellipse
 vostochnyy_point
 vostochnyy_polyline
 vostochnyy_region
 vostochnyy_text
 yunost_point
 yunost_polyline
 yunost_region
 yunost_text
 zaton_arc
 zaton_ellipse
 zaton_point
 zaton_polyline
 zaton_region
 zaton_text
 zatondoma_ellipse
 zatondoma_region
 zemlya_arc
 zemlya_polyline
 zemlya_region
 zemlya_text
 zh_d_doma_polyline
 zh_d_doma_region
 zh_d_ellipse
 zh_d_point
 zh_d_polyline
 zh_d_region
 zh_d_text
 zhd_polyline
