lines
    EmergencyPipelineSections
        kod1
            input_node_calculation_code
        uzel1
            input_node_name
        kod2
            output_node_calculation_code
        uzel2
            output_node_name
        node1
            BoundaryNodes
            NodesWithSpecifiedHead
            RegulatingTanks
            TransitNodes
            WaterConsumers
        node2
            BoundaryNodes
            NodesWithSpecifiedHead
            RegulatingTanks
            TransitNodes
            WaterConsumers
    FlowRegulators
        node1
            BoundaryNodes
            NodesWithSpecifiedHead
            RegulatingTanks
            TransitNodes
            WaterConsumers
        node2
            BoundaryNodes
            NodesWithSpecifiedHead
            RegulatingTanks
            TransitNodes
            WaterConsumers
    PipelineSegments
        node1
            BoundaryNodes
            NodesWithSpecifiedHead
            RegulatingTanks
            TransitNodes
            WaterConsumers
        node2
            BoundaryNodes
            NodesWithSpecifiedHead
            RegulatingTanks
            TransitNodes
            WaterConsumers
    PressureRegulators
        node1
            BoundaryNodes
            NodesWithSpecifiedHead
            RegulatingTanks
            TransitNodes
            WaterConsumers
        node2
            BoundaryNodes
            NodesWithSpecifiedHead
            RegulatingTanks
            TransitNodes
            WaterConsumers
    Pumps
        node1
            BoundaryNodes
            NodesWithSpecifiedHead
            RegulatingTanks
            TransitNodes
            WaterConsumers
        node2
            BoundaryNodes
            NodesWithSpecifiedHead
            RegulatingTanks
            TransitNodes
            WaterConsumers
nodes
    BoundaryNodes
    NodesWithSpecifiedHead
    RegulatingTanks
    TransitNodes
    WaterConsumers
